[Fri, 15 Dec 2023 09:47:37 -0600] 
Could not instantiate mail function.

[Fri, 15 Dec 2023 11:59:17 -0600] 
Could not instantiate mail function.

[Sat, 16 Dec 2023 05:02:48 -0600] 
You must provide at least one recipient email address.

[Sat, 16 Dec 2023 05:02:48 -0600] 
Could not instantiate mail function.

[Sat, 16 Dec 2023 05:02:48 -0600] 
Could not instantiate mail function.

[Sat, 16 Dec 2023 05:02:48 -0600] 
Could not instantiate mail function.

[Sat, 16 Dec 2023 05:02:48 -0600] 
Could not instantiate mail function.

[Sat, 16 Dec 2023 05:02:48 -0600] 
Could not instantiate mail function.

[Sat, 16 Dec 2023 05:02:48 -0600] 
Could not instantiate mail function.

[Sat, 16 Dec 2023 05:02:48 -0600] 
Could not instantiate mail function.

[Sat, 16 Dec 2023 05:02:48 -0600] 
Could not instantiate mail function.

[Sat, 16 Dec 2023 05:02:48 -0600] 
Could not instantiate mail function.

[Sat, 16 Dec 2023 05:02:48 -0600] 
Could not instantiate mail function.

[Sat, 16 Dec 2023 05:02:48 -0600] 
Could not instantiate mail function.

[Sat, 16 Dec 2023 05:02:48 -0600] 
Could not instantiate mail function.

[Sat, 16 Dec 2023 05:02:48 -0600] 
Could not instantiate mail function.

[Sat, 16 Dec 2023 05:02:48 -0600] 
Could not instantiate mail function.

[Sat, 16 Dec 2023 05:02:48 -0600] 
Could not instantiate mail function.

[Sat, 16 Dec 2023 05:02:48 -0600] 
Could not instantiate mail function.

[Sat, 16 Dec 2023 05:02:48 -0600] 
Could not instantiate mail function.

[Sat, 16 Dec 2023 05:02:48 -0600] 
Could not instantiate mail function.

[Sat, 16 Dec 2023 05:02:48 -0600] 
Could not instantiate mail function.

[Sat, 16 Dec 2023 05:02:48 -0600] 
Could not instantiate mail function.

[Sat, 16 Dec 2023 05:02:48 -0600] 
Could not instantiate mail function.

[Sat, 16 Dec 2023 05:02:48 -0600] 
Could not instantiate mail function.

[Sat, 16 Dec 2023 05:02:48 -0600] 
Could not instantiate mail function.

[Sat, 16 Dec 2023 05:02:48 -0600] 
Could not instantiate mail function.

[Sat, 16 Dec 2023 05:02:48 -0600] 
Could not instantiate mail function.

[Sat, 16 Dec 2023 05:02:48 -0600] 
Could not instantiate mail function.

[Sat, 16 Dec 2023 05:02:48 -0600] 
Could not instantiate mail function.

[Sat, 16 Dec 2023 05:02:48 -0600] 
Could not instantiate mail function.

[Sat, 16 Dec 2023 05:02:48 -0600] 
Could not instantiate mail function.

[Sat, 16 Dec 2023 05:02:48 -0600] 
Could not instantiate mail function.

[Sat, 16 Dec 2023 05:02:48 -0600] 
Could not instantiate mail function.

[Sat, 16 Dec 2023 05:02:48 -0600] 
Could not instantiate mail function.

[Sat, 16 Dec 2023 05:02:48 -0600] 
Could not instantiate mail function.

[Sat, 16 Dec 2023 05:02:48 -0600] 
Could not instantiate mail function.

[Sat, 16 Dec 2023 05:02:48 -0600] 
Could not instantiate mail function.

[Sat, 16 Dec 2023 05:02:48 -0600] 
Could not instantiate mail function.

[Sat, 16 Dec 2023 05:02:48 -0600] 
Could not instantiate mail function.

[Sat, 16 Dec 2023 05:02:48 -0600] 
Could not instantiate mail function.

[Sat, 16 Dec 2023 05:02:48 -0600] 
Could not instantiate mail function.

[Sat, 16 Dec 2023 05:02:48 -0600] 
Could not instantiate mail function.

[Sat, 16 Dec 2023 05:02:48 -0600] 
Could not instantiate mail function.

[Sat, 16 Dec 2023 05:02:48 -0600] 
Could not instantiate mail function.

[Sat, 16 Dec 2023 05:02:48 -0600] 
Could not instantiate mail function.

[Sat, 16 Dec 2023 05:02:48 -0600] 
Could not instantiate mail function.

[Sat, 16 Dec 2023 05:02:48 -0600] 
Could not instantiate mail function.

[Sat, 16 Dec 2023 05:02:48 -0600] 
Could not instantiate mail function.

[Sat, 16 Dec 2023 05:15:23 -0600] 
SMTP connect() failed. https://github.com/PHPMailer/PHPMailer/wiki/Troubleshooting

[Sat, 16 Dec 2023 05:20:06 -0600] 
Could not instantiate mail function.

[Wed, 20 Dec 2023 18:33:09 -0600] 
Could not instantiate mail function.

[Tue, 26 Dec 2023 21:00:59 -0600] 
Could not instantiate mail function.

[Mon, 01 Jan 2024 08:38:46 -0600] 
Could not instantiate mail function.

[Mon, 01 Jan 2024 08:41:22 -0600] 
Could not instantiate mail function.

[Mon, 01 Jan 2024 08:45:27 -0600] 
Could not instantiate mail function.

[Mon, 01 Jan 2024 13:12:39 -0600] 
Could not instantiate mail function.

[Tue, 23 Jan 2024 08:20:48 -0600] 
Could not instantiate mail function.

[Mon, 19 Feb 2024 16:51:51 -0600] 
Could not instantiate mail function.

[Mon, 19 Feb 2024 17:04:14 -0600] 
Could not instantiate mail function.

[Tue, 12 Mar 2024 11:14:15 -0500] 
Could not instantiate mail function.

[Tue, 12 Mar 2024 11:17:00 -0500] 
Could not instantiate mail function.

[Fri, 29 Mar 2024 17:55:13 -0500] 
Could not instantiate mail function.

[Thu, 04 Apr 2024 16:38:59 -0500] 
Could not instantiate mail function.

[Sun, 07 Apr 2024 10:19:57 -0500] 
Could not instantiate mail function.

[Mon, 29 Apr 2024 17:17:08 -0500] 
Could not instantiate mail function.

[Mon, 29 Apr 2024 17:18:47 -0500] 
Could not instantiate mail function.

[Wed, 01 May 2024 13:51:15 -0500] 
Could not instantiate mail function.

[Thu, 06 Jun 2024 18:38:47 -0500] 
Could not instantiate mail function.

[Thu, 06 Jun 2024 18:44:23 -0500] 
Could not instantiate mail function.

[Thu, 06 Jun 2024 20:08:52 -0500] 
Could not instantiate mail function.

[Wed, 19 Jun 2024 17:10:30 -0500] 
Could not instantiate mail function.

[Wed, 19 Jun 2024 17:11:43 -0500] 
Could not instantiate mail function.

[Sat, 22 Jun 2024 19:52:32 -0500] 
Could not instantiate mail function.

[Wed, 26 Jun 2024 16:53:43 -0500] 
Could not instantiate mail function.

[Wed, 26 Jun 2024 16:55:54 -0500] 
Could not instantiate mail function.

[Fri, 26 Jul 2024 22:12:50 -0500] 
Could not instantiate mail function.

[Fri, 26 Jul 2024 22:27:08 -0500] 
Could not instantiate mail function.

[Mon, 05 Aug 2024 14:24:40 -0500] 
Could not instantiate mail function.

[Mon, 05 Aug 2024 14:32:37 -0500] 
Could not instantiate mail function.

[Wed, 07 Aug 2024 01:29:21 -0500] 
Could not instantiate mail function.

[Wed, 07 Aug 2024 22:29:19 -0500] 
Could not instantiate mail function.

[Mon, 12 Aug 2024 17:45:08 -0500] 
Could not instantiate mail function.

[Mon, 12 Aug 2024 17:48:27 -0500] 
Could not instantiate mail function.

[Mon, 12 Aug 2024 20:02:42 -0500] 
Could not instantiate mail function.

[Sun, 25 Aug 2024 02:46:40 -0500] 
Could not instantiate mail function.

[Sun, 25 Aug 2024 16:30:02 -0500] 
Could not instantiate mail function.

[Thu, 05 Sep 2024 17:38:03 -0500] 
Could not instantiate mail function.

[Sun, 22 Sep 2024 17:10:08 -0500] 
Could not instantiate mail function.

[Tue, 01 Oct 2024 18:05:18 -0500] 
Could not instantiate mail function.

[Tue, 01 Oct 2024 20:22:02 -0500] 
Could not instantiate mail function.

[Tue, 01 Oct 2024 20:25:29 -0500] 
Could not instantiate mail function.

[Tue, 01 Oct 2024 20:26:51 -0500] 
Could not instantiate mail function.

[Tue, 01 Oct 2024 20:28:31 -0500] 
Could not instantiate mail function.

[Wed, 02 Oct 2024 10:27:30 -0500] 
Could not instantiate mail function.

[Thu, 03 Oct 2024 11:02:07 -0500] 
Could not instantiate mail function.

[Thu, 03 Oct 2024 11:06:35 -0500] 
Could not instantiate mail function.

[Thu, 03 Oct 2024 11:17:22 -0500] 
Could not instantiate mail function.

[Thu, 03 Oct 2024 22:55:50 -0500] 
Could not instantiate mail function.

[Sun, 06 Oct 2024 20:41:36 -0500] 
Could not instantiate mail function.

[Sun, 06 Oct 2024 20:47:29 -0500] 
Could not instantiate mail function.

[Sun, 13 Oct 2024 14:01:10 -0500] 
Could not instantiate mail function.

[Sun, 13 Oct 2024 14:04:36 -0500] 
Could not instantiate mail function.

[Sun, 13 Oct 2024 18:31:47 -0500] 
Could not instantiate mail function.

[Sun, 13 Oct 2024 23:18:23 -0500] 
Could not instantiate mail function.

[Wed, 16 Oct 2024 00:14:25 -0500] 
Could not instantiate mail function.

[Wed, 16 Oct 2024 09:12:02 -0500] 
Could not instantiate mail function.

[Sat, 19 Oct 2024 00:13:34 -0500] 
Could not instantiate mail function.

[Sun, 20 Oct 2024 23:58:34 -0500] 
Could not instantiate mail function.

[Tue, 29 Oct 2024 16:01:34 -0500] 
Could not instantiate mail function.

[Sat, 02 Nov 2024 00:49:54 -0500] 
Could not instantiate mail function.

[Mon, 11 Nov 2024 15:46:12 -0600] 
Could not instantiate mail function.

[Tue, 12 Nov 2024 14:11:14 -0600] 
Could not instantiate mail function.

[Tue, 12 Nov 2024 14:13:48 -0600] 
Could not instantiate mail function.

[Sat, 16 Nov 2024 10:21:02 -0600] 
Could not instantiate mail function.

[Sat, 16 Nov 2024 10:22:55 -0600] 
Could not instantiate mail function.

[Sat, 16 Nov 2024 10:25:01 -0600] 
Could not instantiate mail function.

[Sat, 16 Nov 2024 13:02:29 -0600] 
Could not instantiate mail function.

[Mon, 18 Nov 2024 17:54:12 -0600] 
Could not instantiate mail function.

[Mon, 18 Nov 2024 18:02:47 -0600] 
Could not instantiate mail function.

[Fri, 22 Nov 2024 11:02:44 -0600] 
Could not instantiate mail function.

[Fri, 22 Nov 2024 12:33:47 -0600] 
Could not instantiate mail function.

[Sun, 24 Nov 2024 15:12:30 -0600] 
Could not instantiate mail function.

[Sun, 24 Nov 2024 15:18:52 -0600] 
Could not instantiate mail function.

[Sun, 24 Nov 2024 15:20:30 -0600] 
Could not instantiate mail function.

[Sun, 24 Nov 2024 15:24:33 -0600] 
Could not instantiate mail function.

[Sun, 24 Nov 2024 16:56:12 -0600] 
Could not instantiate mail function.

[Sun, 24 Nov 2024 17:05:19 -0600] 
Could not instantiate mail function.

[Mon, 25 Nov 2024 10:24:51 -0600] 
Could not instantiate mail function.

[Tue, 26 Nov 2024 23:34:37 -0600] 
Could not instantiate mail function.

[Wed, 27 Nov 2024 00:00:38 -0600] 
Could not instantiate mail function.

[Wed, 27 Nov 2024 20:36:29 -0600] 
Could not instantiate mail function.

[Thu, 28 Nov 2024 17:42:04 -0600] 
Could not instantiate mail function.

[Thu, 28 Nov 2024 17:44:49 -0600] 
Could not instantiate mail function.

[Thu, 28 Nov 2024 22:30:44 -0600] 
Could not instantiate mail function.

[Sat, 30 Nov 2024 11:34:08 -0600] 
Could not instantiate mail function.

[Sat, 30 Nov 2024 11:36:07 -0600] 
Could not instantiate mail function.

[Sat, 30 Nov 2024 11:47:56 -0600] 
Could not instantiate mail function.

[Sat, 30 Nov 2024 13:46:45 -0600] 
Could not instantiate mail function.

[Sat, 30 Nov 2024 13:48:32 -0600] 
Could not instantiate mail function.

[Sun, 01 Dec 2024 08:17:55 -0600] 
Could not instantiate mail function.

[Tue, 10 Dec 2024 18:09:09 -0600] 
Could not instantiate mail function.

[Tue, 10 Dec 2024 18:10:46 -0600] 
Could not instantiate mail function.

[Tue, 10 Dec 2024 18:14:18 -0600] 
Could not instantiate mail function.

[Tue, 10 Dec 2024 19:18:07 -0600] 
Could not instantiate mail function.

[Sun, 22 Dec 2024 00:52:03 -0600] 
Could not instantiate mail function.

[Tue, 31 Dec 2024 16:30:48 -0600] 
Could not instantiate mail function.

[Sat, 04 Jan 2025 08:31:33 -0600] 
Could not instantiate mail function.

[Wed, 08 Jan 2025 14:56:01 -0600] 
Could not instantiate mail function.

[Sun, 12 Jan 2025 12:00:51 -0600] 
Could not instantiate mail function.

[Sun, 12 Jan 2025 12:03:30 -0600] 
Could not instantiate mail function.

[Mon, 13 Jan 2025 23:50:25 -0600] 
Could not instantiate mail function.

[Tue, 14 Jan 2025 13:58:10 -0600] 
Could not instantiate mail function.

[Tue, 14 Jan 2025 14:00:07 -0600] 
Could not instantiate mail function.

[Mon, 20 Jan 2025 10:38:45 -0600] 
Could not instantiate mail function.

[Mon, 20 Jan 2025 12:10:22 -0600] 
Could not instantiate mail function.

[Mon, 03 Feb 2025 13:45:54 -0600] 
Could not instantiate mail function.

[Mon, 03 Feb 2025 13:49:10 -0600] 
Could not instantiate mail function.

[Thu, 13 Feb 2025 14:08:34 -0600] 
Could not instantiate mail function.

[Thu, 27 Feb 2025 12:44:55 -0600] 
Could not instantiate mail function.

[Fri, 07 Mar 2025 16:16:09 -0600] 
Could not instantiate mail function.

[Sat, 08 Mar 2025 20:03:13 -0600] 
Could not instantiate mail function.

[Wed, 12 Mar 2025 03:24:19 -0500] 
Could not instantiate mail function.

[Thu, 13 Mar 2025 09:19:35 -0500] 
Could not instantiate mail function.

[Fri, 14 Mar 2025 11:23:16 -0500] 
Could not instantiate mail function.

[Fri, 14 Mar 2025 11:29:23 -0500] 
Could not instantiate mail function.

[Sat, 15 Mar 2025 22:54:46 -0500] 
Could not instantiate mail function.

[Sun, 16 Mar 2025 22:28:55 -0500] 
Could not instantiate mail function.

[Sat, 12 Apr 2025 14:16:18 -0500] 
Could not instantiate mail function.

[Fri, 18 Apr 2025 20:25:14 -0500] 
Could not instantiate mail function.

[Tue, 22 Apr 2025 22:32:38 -0500] 
Could not instantiate mail function.

[Wed, 23 Apr 2025 14:55:58 -0500] 
Could not instantiate mail function.

[Thu, 01 May 2025 11:08:04 -0500] 
Could not instantiate mail function.

[Mon, 05 May 2025 12:12:22 -0500] 
Could not instantiate mail function.

[Mon, 05 May 2025 12:13:48 -0500] 
Could not instantiate mail function.

[Tue, 06 May 2025 03:34:54 -0500] 
Could not instantiate mail function.

[Tue, 13 May 2025 09:17:26 -0500] 
Could not instantiate mail function.

[Wed, 21 May 2025 11:56:54 -0500] 
Could not instantiate mail function.

[Thu, 05 Jun 2025 17:00:15 -0500] 
Could not instantiate mail function.

[Thu, 05 Jun 2025 17:01:42 -0500] 
Could not instantiate mail function.

[Mon, 09 Jun 2025 01:24:45 -0500] 
Could not instantiate mail function.

[Wed, 18 Jun 2025 15:15:14 -0500] 
Could not instantiate mail function.

[Sun, 22 Jun 2025 23:41:39 -0500] 
Could not instantiate mail function.

[Mon, 23 Jun 2025 01:23:08 -0500] 
Could not instantiate mail function.

[Wed, 25 Jun 2025 04:16:11 -0500] 
Could not instantiate mail function.

[Thu, 26 Jun 2025 22:25:44 -0500] 
Could not instantiate mail function.

[Thu, 03 Jul 2025 21:25:15 -0500] 
Could not instantiate mail function.

[Thu, 10 Jul 2025 00:13:54 -0500] 
Could not instantiate mail function.

[Thu, 10 Jul 2025 00:15:52 -0500] 
Could not instantiate mail function.

[Thu, 10 Jul 2025 00:22:45 -0500] 
Could not instantiate mail function.

[Thu, 10 Jul 2025 00:58:40 -0500] 
Could not instantiate mail function.

[Thu, 10 Jul 2025 01:05:14 -0500] 
Could not instantiate mail function.

[Fri, 18 Jul 2025 00:42:47 -0500] 
Could not instantiate mail function.

[Tue, 29 Jul 2025 12:14:57 -0500] 
Could not instantiate mail function.

[Tue, 29 Jul 2025 12:22:42 -0500] 
Could not instantiate mail function.

[Tue, 29 Jul 2025 12:24:17 -0500] 
Could not instantiate mail function.

[Tue, 29 Jul 2025 12:28:10 -0500] 
Could not instantiate mail function.

[Tue, 29 Jul 2025 12:31:58 -0500] 
Could not instantiate mail function.

[Tue, 29 Jul 2025 12:58:38 -0500] 
Could not instantiate mail function.

[Sun, 03 Aug 2025 22:09:22 -0500] 
Could not instantiate mail function.

[Sun, 03 Aug 2025 22:10:36 -0500] 
Could not instantiate mail function.

[Mon, 04 Aug 2025 01:36:04 -0500] 
Could not instantiate mail function.

[Mon, 04 Aug 2025 22:12:14 -0500] 
Could not instantiate mail function.

[Wed, 06 Aug 2025 18:39:12 -0500] 
Could not instantiate mail function.

[Tue, 12 Aug 2025 20:38:06 -0500] 
Could not instantiate mail function.

[Fri, 15 Aug 2025 19:25:03 -0500] 
Could not instantiate mail function.

[Fri, 15 Aug 2025 19:48:58 -0500] 
Could not instantiate mail function.

[Fri, 15 Aug 2025 19:52:59 -0500] 
Could not instantiate mail function.

[Fri, 15 Aug 2025 19:58:23 -0500] 
Could not instantiate mail function.

[Mon, 18 Aug 2025 15:00:17 -0500] 
Could not instantiate mail function.

[Wed, 20 Aug 2025 19:05:10 -0500] 
Could not instantiate mail function.

[Mon, 25 Aug 2025 05:30:02 -0500] 
Could not instantiate mail function.

[Tue, 26 Aug 2025 01:46:40 -0500] 
Could not instantiate mail function.

[Tue, 26 Aug 2025 15:44:07 -0500] 
Could not instantiate mail function.

[Tue, 26 Aug 2025 18:22:48 -0500] 
Could not instantiate mail function.

[Wed, 27 Aug 2025 16:51:37 -0500] 
Could not instantiate mail function.

[Wed, 27 Aug 2025 17:05:06 -0500] 
Could not instantiate mail function.

[Mon, 01 Sep 2025 07:52:41 -0500] 
Could not instantiate mail function.

[Mon, 01 Sep 2025 07:54:55 -0500] 
Could not instantiate mail function.

[Wed, 17 Sep 2025 17:41:19 -0500] 
Could not instantiate mail function.

[Wed, 17 Sep 2025 18:34:14 -0500] 
Could not instantiate mail function.

[Wed, 17 Sep 2025 18:45:29 -0500] 
Could not instantiate mail function.

[Wed, 17 Sep 2025 18:46:33 -0500] 
Could not instantiate mail function.

[Wed, 17 Sep 2025 18:47:36 -0500] 
Could not instantiate mail function.

[Sat, 04 Oct 2025 18:06:14 -0500] 
Could not instantiate mail function.

[Mon, 13 Oct 2025 09:42:26 -0500] 
Could not instantiate mail function.

[Tue, 14 Oct 2025 12:10:05 -0500] 
Could not instantiate mail function.

[Tue, 14 Oct 2025 12:12:01 -0500] 
Could not instantiate mail function.

[Tue, 14 Oct 2025 19:54:28 -0500] 
Could not instantiate mail function.

[Tue, 14 Oct 2025 19:57:28 -0500] 
Could not instantiate mail function.

[Sun, 19 Oct 2025 23:49:33 -0500] 
Could not instantiate mail function.

[Wed, 29 Oct 2025 08:23:22 -0500] 
Could not instantiate mail function.

[Fri, 07 Nov 2025 18:04:34 -0600] 
Could not instantiate mail function.

[Fri, 07 Nov 2025 18:07:30 -0600] 
Could not instantiate mail function.

[Fri, 07 Nov 2025 18:09:07 -0600] 
Could not instantiate mail function.

[Fri, 07 Nov 2025 18:12:03 -0600] 
Could not instantiate mail function.

[Fri, 07 Nov 2025 18:15:49 -0600] 
Could not instantiate mail function.

[Fri, 07 Nov 2025 18:18:54 -0600] 
Could not instantiate mail function.

[Mon, 17 Nov 2025 04:50:21 -0600] 
Could not instantiate mail function.

[Thu, 20 Nov 2025 16:41:00 -0600] 
Could not instantiate mail function.

[Sat, 22 Nov 2025 01:58:51 -0600] 
Could not instantiate mail function.

[Sat, 22 Nov 2025 23:04:48 -0600] 
Could not instantiate mail function.

[Wed, 03 Dec 2025 10:12:14 -0600] 
Could not instantiate mail function.

[Fri, 05 Dec 2025 17:11:11 -0600] 
Could not instantiate mail function.

[Tue, 16 Dec 2025 13:24:39 -0600] 
Could not instantiate mail function.

[Tue, 16 Dec 2025 13:26:25 -0600] 
Could not instantiate mail function.

[Thu, 25 Dec 2025 22:14:13 -0600] 
Could not instantiate mail function.

[Sat, 27 Dec 2025 16:48:20 -0600] 
Could not instantiate mail function.

[Tue, 30 Dec 2025 20:35:13 -0600] 
Could not instantiate mail function.

[Wed, 31 Dec 2025 13:06:44 -0600] 
Could not instantiate mail function.

[Wed, 31 Dec 2025 13:28:52 -0600] 
Could not instantiate mail function.

[Wed, 31 Dec 2025 14:49:48 -0600] 
Could not instantiate mail function.

[Thu, 01 Jan 2026 11:36:34 -0600] 
Could not instantiate mail function.

[Thu, 01 Jan 2026 20:11:50 -0600] 
Could not instantiate mail function.

[Sat, 03 Jan 2026 14:30:05 -0600] 
Could not instantiate mail function.

[Sun, 04 Jan 2026 13:24:30 -0600] 
Could not instantiate mail function.

